SQL> SELECT SAL FROM EMP;

       SAL                                                                                          
----------                                                                                          
       800                                                                                          
      1600                                                                                          
      1250                                                                                          
      2975                                                                                          
      1250                                                                                          
      2850                                                                                          
      2450                                                                                          
      3000                                                                                          
      5000                                                                                          
      1500                                                                                          
      1100                                                                                          
       950                                                                                          
      3000                                                                                          
      1300                                                                                          

14 rows selected.

SQL> SELECT SAL - SAL *20/100 FROM EMP;

SAL-SAL*20/100                                                                                      
--------------                                                                                      
           640                                                                                      
          1280                                                                                      
          1000                                                                                      
          2380                                                                                      
          1000                                                                                      
          2280                                                                                      
          1960                                                                                      
          2400                                                                                      
          4000                                                                                      
          1200                                                                                      
           880                                                                                      
           760                                                                                      
          2400                                                                                      
          1040                                                                                      

14 rows selected.

SQL> SPOOL OFF
