SQL> clear all
SP2-0158: unknown CLEAR option "all"
SQL> clear screen
SQL> SELECT * FROM EMP;

     EMPNO ENAME      JOB              MGR HIREDATE         SAL       COMM     DEPTNO               
---------- ---------- --------- ---------- --------- ---------- ---------- ----------               
      7369 SMITH      CLERK           7902 17-DEC-80        800                    20               
      7499 ALLEN      SALESMAN        7698 20-FEB-81       1600        300         30               
      7521 WARD       SALESMAN        7698 22-FEB-81       1250        500         30               
      7566 JONES      MANAGER         7839 02-APR-81       2975                    20               
      7654 MARTIN     SALESMAN        7698 28-SEP-81       1250       1400         30               
      7698 BLAKE      MANAGER         7839 01-MAY-81       2850                    30               
      7782 CLARK      MANAGER         7839 09-JUN-81       2450                    10               
      7788 SCOTT      ANALYST         7566 19-APR-87       3000                    20               
      7839 KING       PRESIDENT            17-NOV-81       5000                    10               
      7844 TURNER     SALESMAN        7698 08-SEP-81       1500          0         30               
      7876 ADAMS      CLERK           7788 23-MAY-87       1100                    20               
      7900 JAMES      CLERK           7698 03-DEC-81        950                    30               
      7902 FORD       ANALYST         7566 03-DEC-81       3000                    20               
      7934 MILLER     CLERK           7782 23-JAN-82       1300                    10               

14 rows selected.

SQL> SELECT ENAME,LOC FROM EMP INNER JOIN DEPT
  2  ON EMP.DEPTNO = DEPT.DEPTNO;

ENAME      LOC                                                                                      
---------- -------------                                                                            
SMITH      DALLAS                                                                                   
ALLEN      CHICAGO                                                                                  
WARD       CHICAGO                                                                                  
JONES      DALLAS                                                                                   
MARTIN     CHICAGO                                                                                  
BLAKE      CHICAGO                                                                                  
CLARK      NEW YORK                                                                                 
SCOTT      DALLAS                                                                                   
KING       NEW YORK                                                                                 
TURNER     CHICAGO                                                                                  
ADAMS      DALLAS                                                                                   
JAMES      CHICAGO                                                                                  
FORD       DALLAS                                                                                   
MILLER     NEW YORK                                                                                 

14 rows selected.

SQL> SELECT * FROM DEPT;

    DEPTNO DNAME          LOC                                                                       
---------- -------------- -------------                                                             
        10 ACCOUNTING     NEW YORK                                                                  
        20 RESEARCH       DALLAS                                                                    
        30 SALES          CHICAGO                                                                   
        40 OPERATIONS     BOSTON                                                                    

SQL> SELECT DNAME,SAL FROM EMP INNER JOIN DEPT
  2  ON EMP.DEPTNO = DEPT.DEPTNO
  3  WHERE JOB ='ACCOUNTING';

no rows selected

SQL> ED
Wrote file afiedt.buf

  1  SELECT DNAME,SAL FROM EMP INNER JOIN DEPT
  2  ON EMP.DEPTNO = DEPT.DEPTNO
  3* WHERE JOB ='ACCOUNTING'
SQL> /

no rows selected

SQL> ED
Wrote file afiedt.buf

  1  SELECT DNAME,SAL FROM EMP INNER JOIN DEPT
  2  ON EMP.DEPTNO = DEPT.DEPTNO
  3* WHERE DNAME ='ACCOUNTING'
SQL> /

DNAME                 SAL                                                                           
-------------- ----------                                                                           
ACCOUNTING           2450                                                                           
ACCOUNTING           5000                                                                           
ACCOUNTING           1300                                                                           

SQL> SELECT DNAME , SAL*12 AS ANNUAL_SAL FROM EMP INNER JOIN DEPT
  2  ON EMP.DEPTNO = DEPT.DEPTNO
  3  WHERE SAL > 2340;

DNAME          ANNUAL_SAL                                                                           
-------------- ----------                                                                           
RESEARCH            35700                                                                           
SALES               34200                                                                           
ACCOUNTING          29400                                                                           
RESEARCH            36000                                                                           
ACCOUNTING          60000                                                                           
RESEARCH            36000                                                                           

6 rows selected.

SQL> SELECT ENAME ,DNAME FROM EMP INNER JOIN DEPT
  2  ON EMP.DEPTNO = DEPT.DEPTNO
  3  WHERE DNAME LIKE '%A%';

ENAME      DNAME                                                                                    
---------- --------------                                                                           
SMITH      RESEARCH                                                                                 
ALLEN      SALES                                                                                    
WARD       SALES                                                                                    
JONES      RESEARCH                                                                                 
MARTIN     SALES                                                                                    
BLAKE      SALES                                                                                    
CLARK      ACCOUNTING                                                                               
SCOTT      RESEARCH                                                                                 
KING       ACCOUNTING                                                                               
TURNER     SALES                                                                                    
ADAMS      RESEARCH                                                                                 
JAMES      SALES                                                                                    
FORD       RESEARCH                                                                                 
MILLER     ACCOUNTING                                                                               

14 rows selected.

SQL> SELECT ENAME, DNAME FROM EMP INNER JOIN DEPT
  2  ON EMP.DEPTNO = DEPT.DEPTNO
  3  WHERE JOB ='SALESMAN';

ENAME      DNAME                                                                                    
---------- --------------                                                                           
ALLEN      SALES                                                                                    
WARD       SALES                                                                                    
MARTIN     SALES                                                                                    
TURNER     SALES                                                                                    

SQL> SELECT DNAME,JOB FROM EMP INNER JOIN DEPT
  2  ON EMP.DEPTNO = DEPT.DEPTNO
  3  WHERE JOB LIKE 'S%' AND DNAME LIKE 'S%';

DNAME          JOB                                                                                  
-------------- ---------                                                                            
SALES          SALESMAN                                                                             
SALES          SALESMAN                                                                             
SALES          SALESMAN                                                                             
SALES          SALESMAN                                                                             

SQL> SPOOL OFF
